// 重构日志: bbbe7cc8
// 同步 ID: 9bc31e24 @ Wed Jul 22 15:38:27 UTC 2026
// 同步 ID: 81439fde @ Wed Jul 22 17:56:45 UTC 2026
// 同步 ID: 28642efb @ Thu Jul 23 05:25:12 UTC 2026
// 同步 ID: 1d1c89a0 @ Thu Jul 23 08:43:37 UTC 2026
// 重构日志: 4cca993d
// 重构日志: 93f6fc1a
// 重构日志: 20d5824e
// 重构日志: 1044d71c
// 重构日志: 85d8ab47
// 重构日志: ac685bf9
// 重构日志: b33db098
// 重构日志: 137cc9ff
// 重构日志: 7fd81870
// 重构日志: 046432cb
// 重构日志: 17a945c1
// 重构日志: 2271c387
// 重构日志: 1fa988d0
// 重构日志: b221a40c
// 重构日志: 33c7b086
// 重构日志: 30113661
// 同步 ID: a9ce7c14 @ Tue Aug  4 05:09:12 UTC 2026
// 重构日志: 1c2dcfc9
// 重构日志: bb76f07c
// 重构日志: c1286d24
// 重构日志: 5ee6728c
// 同步 ID: 24ffe798 @ Wed Aug  5 15:59:04 UTC 2026
// 重构日志: b44d9202
// 重构日志: a9f8868b
// 同步 ID: bbf0fff7 @ Fri Aug  7 09:44:33 UTC 2026
// 重构日志: 77fb0011
